===========================================
MAP01
===========================================

Time: 0:07 (par: 0:30)

Player 1 (Green):
	Kills: 2 / 27 (7%)
	Items: 0 / 22 (0%)
	Secrets: 0 / 3 (0%)

===========================================
MAP02
===========================================

Time: 1:04 (par: 1:30)

Player 1 (Green):
	Kills: 39 / 81 (48%)
	Items: 1 / 4 (25%)
	Secrets: 1 / 2 (50%)

===========================================
MAP03
===========================================

Time: 1:12 (par: 2:00)

Player 1 (Green):
	Kills: 59 / 97 (60%)
	Items: 8 / 28 (28%)
	Secrets: 0 / 1 (0%)

===========================================
MAP04
===========================================

Time: 0:51 (par: 2:00)

Player 1 (Green):
	Kills: 26 / 81 (32%)
	Items: 2 / 22 (9%)
	Secrets: 0 / 2 (0%)

===========================================
MAP05
===========================================

Time: 1:43 (par: 1:30)

Player 1 (Green):
	Kills: 64 / 92 (69%)
	Items: 1 / 1 (100%)
	Secrets: 1 / 1 (100%)

===========================================
MAP06
===========================================

Time: 1:59 (par: 2:30)

Player 1 (Green):
	Kills: 55 / 140 (39%)
	Items: 18 / 51 (35%)
	Secrets: 0 / 2 (0%)

===========================================
MAP07
===========================================

Time: 1:28 (par: 2:00)

Player 1 (Green):
	Kills: 23 / 23 (100%)
	Items: 14 / 33 (42%)
	Secrets: 0

===========================================
MAP08
===========================================

Time: 1:57 (par: 2:00)

Player 1 (Green):
	Kills: 92 / 219 (42%)
	Items: 16 / 54 (29%)
	Secrets: 3 / 10 (30%)

===========================================
MAP09
===========================================

Time: 1:06 (par: 4:30)

Player 1 (Green):
	Kills: 15 / 98 (15%)
	Items: 13 / 36 (36%)
	Secrets: 1 / 5 (20%)

===========================================
MAP10
===========================================

Time: 1:08 (par: 1:30)

Player 1 (Green):
	Kills: 33 / 174 (18%)
	Items: 18 / 43 (41%)
	Secrets: 1 / 3 (33%)

===========================================
MAP11
===========================================

Time: 1:05 (par: 3:30)

Player 1 (Green):
	Kills: 35 / 138 (25%)
	Items: 12 / 107 (11%)
	Secrets: 0 / 4 (0%)

===========================================
MAP12
===========================================

Time: 1:27 (par: 2:30)

Player 1 (Green):
	Kills: 24 / 67 (35%)
	Items: 0 / 29 (0%)
	Secrets: 0 / 3 (0%)

===========================================
MAP13
===========================================

Time: 1:17 (par: 2:30)

Player 1 (Green):
	Kills: 24 / 141 (17%)
	Items: 10 / 55 (18%)
	Secrets: 3 / 11 (27%)

===========================================
MAP14
===========================================

Time: 0:21 (par: 2:30)

Player 1 (Green):
	Kills: 9 / 155 (5%)
	Items: 0 / 22 (0%)
	Secrets: 0 / 7 (0%)

===========================================
MAP15
===========================================

Time: 0:21 (par: 3:30)

Player 1 (Green):
	Kills: 1 / 178 (0%)
	Items: 5 / 59 (8%)
	Secrets: 1 / 8 (12%)

===========================================
MAP16
===========================================

Time: 1:48 (par: 2:30)

Player 1 (Green):
	Kills: 36 / 152 (23%)
	Items: 10 / 44 (22%)
	Secrets: 0 / 11 (0%)

===========================================
MAP17
===========================================

Time: 1:56 (par: 7:00)

Player 1 (Green):
	Kills: 65 / 107 (60%)
	Items: 33 / 55 (60%)
	Secrets: 3 / 4 (75%)

===========================================
MAP18
===========================================

Time: 3:00 (par: 2:30)

Player 1 (Green):
	Kills: 54 / 211 (25%)
	Items: 28 / 119 (23%)
	Secrets: 3 / 13 (23%)

===========================================
MAP19
===========================================

Time: 1:47 (par: 3:30)

Player 1 (Green):
	Kills: 30 / 169 (17%)
	Items: 14 / 77 (18%)
	Secrets: 0 / 5 (0%)

===========================================
MAP20
===========================================

Time: 2:13 (par: 2:30)

Player 1 (Green):
	Kills: 82 / 151 (54%)
	Items: 1 / 2 (50%)
	Secrets: 1 / 5 (20%)

===========================================
MAP21
===========================================

Time: 1:08 (par: 4:00)

Player 1 (Green):
	Kills: 25 / 116 (21%)
	Items: 4 / 44 (9%)
	Secrets: 0 / 3 (0%)

===========================================
MAP22
===========================================

Time: 1:08 (par: 2:30)

Player 1 (Green):
	Kills: 25 / 114 (21%)
	Items: 0 / 30 (0%)
	Secrets: 1 / 10 (10%)

===========================================
MAP23
===========================================

Time: 1:56 (par: 3:00)

Player 1 (Green):
	Kills: 63 / 82 (76%)
	Items: 2 / 7 (28%)
	Secrets: 0

===========================================
MAP24
===========================================

Time: 0:40 (par: 2:30)

Player 1 (Green):
	Kills: 6 / 129 (4%)
	Items: 3 / 31 (9%)
	Secrets: 0 / 6 (0%)

===========================================
MAP25
===========================================

Time: 2:15 (par: 2:30)

Player 1 (Green):
	Kills: 104 / 197 (52%)
	Items: 9 / 44 (20%)
	Secrets: 1 / 5 (20%)

===========================================
MAP26
===========================================

Time: 2:17 (par: 5:00)

Player 1 (Green):
	Kills: 86 / 118 (72%)
	Items: 16 / 29 (55%)
	Secrets: 3 / 4 (75%)

===========================================
MAP27
===========================================

Time: 1:15 (par: 5:30)

Player 1 (Green):
	Kills: 50 / 106 (47%)
	Items: 4 / 27 (14%)
	Secrets: 0 / 4 (0%)

===========================================
MAP28
===========================================

Time: 2:34 (par: 7:00)

Player 1 (Green):
	Kills: 30 / 94 (31%)
	Items: 16 / 141 (11%)
	Secrets: 0 / 5 (0%)

===========================================
MAP29
===========================================

Time: 2:59 (par: 5:00)

Player 1 (Green):
	Kills: 72 / 168 (42%)
	Items: 3 / 4 (75%)
	Secrets: 3 / 3 (100%)

===========================================
MAP30
===========================================

Time: 1:23 (par: 3:00)

Player 1 (Green):
	Kills: 12 / 8 (150%)
	Items: 1 / 3 (33%)
	Secrets: 0 / 1 (0%)

