===========================================
MAP01
===========================================

Time: 0:13 (par: 0:30)

Player 1 (Green):
	Kills: 5 / 29 (17%)
	Items: 1 / 9 (11%)
	Secrets: 0 / 1 (0%)

===========================================
MAP02
===========================================

Time: 1:09 (par: 1:30)

Player 1 (Green):
	Kills: 40 / 66 (60%)
	Items: 7 / 15 (46%)
	Secrets: 1 / 1 (100%)

===========================================
MAP03
===========================================

Time: 1:32 (par: 2:00)

Player 1 (Green):
	Kills: 41 / 57 (71%)
	Items: 11 / 21 (52%)
	Secrets: 0 / 2 (0%)

===========================================
MAP04
===========================================

Time: 0:46 (par: 2:00)

Player 1 (Green):
	Kills: 27 / 61 (44%)
	Items: 1 / 15 (6%)
	Secrets: 1 / 1 (100%)

===========================================
MAP05
===========================================

Time: 1:50 (par: 1:30)

Player 1 (Green):
	Kills: 49 / 61 (80%)
	Items: 2 / 3 (66%)
	Secrets: 1 / 1 (100%)

===========================================
MAP06
===========================================

Time: 1:09 (par: 2:30)

Player 1 (Green):
	Kills: 32 / 79 (40%)
	Items: 9 / 12 (75%)
	Secrets: 0 / 2 (0%)

===========================================
MAP07
===========================================

Time: 1:10 (par: 2:00)

Player 1 (Green):
	Kills: 8 / 9 (88%)
	Items: 3 / 3 (100%)
	Secrets: 0 / 2 (0%)

===========================================
MAP08
===========================================

Time: 0:41 (par: 2:00)

Player 1 (Green):
	Kills: 20 / 71 (28%)
	Items: 1 / 3 (33%)
	Secrets: 0 / 3 (0%)

===========================================
MAP09
===========================================

Time: 1:38 (par: 4:30)

Player 1 (Green):
	Kills: 27 / 71 (38%)
	Items: 4 / 17 (23%)
	Secrets: 3 / 3 (100%)

===========================================
MAP10
===========================================

Time: 0:40 (par: 1:30)

Player 1 (Green):
	Kills: 7 / 49 (14%)
	Items: 0 / 3 (0%)
	Secrets: 1 / 1 (100%)

===========================================
MAP11
===========================================

Time: 2:44 (par: 3:30)

Player 1 (Green):
	Kills: 69 / 142 (48%)
	Items: 12 / 13 (92%)
	Secrets: 1 / 4 (25%)

===========================================
MAP12
===========================================

Time: 1:11 (par: 2:30)

Player 1 (Green):
	Kills: 10 / 51 (19%)
	Items: 4 / 13 (30%)
	Secrets: 0 / 3 (0%)

===========================================
MAP13
===========================================

Time: 1:06 (par: 2:30)

Player 1 (Green):
	Kills: 22 / 116 (18%)
	Items: 3 / 14 (21%)
	Secrets: 0 / 3 (0%)

===========================================
MAP14
===========================================

Time: 2:35 (par: 2:30)

Player 1 (Green):
	Kills: 55 / 159 (34%)
	Items: 10 / 24 (41%)
	Secrets: 1 / 5 (20%)

===========================================
MAP15
===========================================

Time: 2:12 (par: 3:30)

Player 1 (Green):
	Kills: 65 / 185 (35%)
	Items: 2 / 3 (66%)
	Secrets: 3 / 3 (100%)

===========================================
MAP31
===========================================

Time: 2:28 (par: 2:00)

Player 1 (Green):
	Kills: 37 / 100 (37%)
	Items: 0 / 4 (0%)
	Secrets: 3 / 5 (60%)

===========================================
MAP32
===========================================

Time: 0:09 (par: 0:30)

Player 1 (Green):
	Kills: 30 / 217 (13%)
	Items: 3 / 20 (15%)
	Secrets: 0 / 1 (0%)

===========================================
MAP16
===========================================

Time: 1:53 (par: 2:30)

Player 1 (Green):
	Kills: 24 / 113 (21%)
	Items: 3 / 6 (50%)
	Secrets: 1 / 2 (50%)

===========================================
MAP17
===========================================

Time: 1:42 (par: 7:00)

Player 1 (Green):
	Kills: 40 / 111 (36%)
	Items: 1 / 5 (20%)
	Secrets: 0 / 2 (0%)

===========================================
MAP18
===========================================

Time: 1:59 (par: 2:30)

Player 1 (Green):
	Kills: 29 / 192 (15%)
	Items: 7 / 20 (35%)
	Secrets: 0 / 2 (0%)

===========================================
MAP19
===========================================

Time: 0:33 (par: 3:30)

Player 1 (Green):
	Kills: 3 / 57 (5%)
	Items: 2 / 2 (100%)
	Secrets: 1 / 1 (100%)

===========================================
MAP20
===========================================

Time: 1:00 (par: 2:30)

Player 1 (Green):
	Kills: 36 / 64 (56%)
	Items: 8 / 26 (30%)
	Secrets: 0 / 1 (0%)

===========================================
MAP21
===========================================

Time: 0:33 (par: 4:00)

Player 1 (Green):
	Kills: 5 / 88 (5%)
	Items: 0 / 10 (0%)
	Secrets: 0 / 1 (0%)

===========================================
MAP22
===========================================

Time: 1:43 (par: 2:30)

Player 1 (Green):
	Kills: 45 / 101 (44%)
	Items: 8 / 9 (88%)
	Secrets: 1 / 1 (100%)

===========================================
MAP23
===========================================

Time: 2:14 (par: 3:00)

Player 1 (Green):
	Kills: 90 / 182 (49%)
	Items: 4 / 8 (50%)
	Secrets: 1 / 3 (33%)

===========================================
MAP24
===========================================

Time: 0:42 (par: 2:30)

Player 1 (Green):
	Kills: 50 / 261 (19%)
	Items: 6 / 17 (35%)
	Secrets: 3 / 6 (50%)

===========================================
MAP25
===========================================

Time: 2:51 (par: 2:30)

Player 1 (Green):
	Kills: 102 / 190 (53%)
	Items: 6 / 15 (40%)
	Secrets: 0 / 1 (0%)

===========================================
MAP26
===========================================

Time: 2:03 (par: 5:00)

Player 1 (Green):
	Kills: 131 / 246 (53%)
	Items: 6 / 40 (15%)
	Secrets: 0 / 1 (0%)

===========================================
MAP27
===========================================

Time: 1:16 (par: 5:30)

Player 1 (Green):
	Kills: 4 / 82 (4%)
	Items: 2 / 27 (7%)
	Secrets: 0 / 1 (0%)

===========================================
MAP28
===========================================

Time: 0:41 (par: 7:00)

Player 1 (Green):
	Kills: 1 / 42 (2%)
	Items: 6 / 31 (19%)
	Secrets: 0 / 1 (0%)

===========================================
MAP29
===========================================

Time: 1:43 (par: 5:00)

Player 1 (Green):
	Kills: 30 / 78 (38%)
	Items: 0 / 5 (0%)
	Secrets: 0 / 2 (0%)

===========================================
MAP30
===========================================

Time: 0:33 (par: 3:00)

Player 1 (Green):
	Kills: 0
	Items: 5 / 7 (71%)
	Secrets: 1 / 1 (100%)

