===========================================
MAP01
===========================================

Time: 0:19 (par: 0:30)

Player 1 (Green):
	Kills: 0
	Items: 0 / 41 (0%)
	Secrets: 0 / 3 (0%)

===========================================
MAP02
===========================================

Time: 0:41 (par: 1:30)

Player 1 (Green):
	Kills: 0
	Items: 6 / 9 (66%)
	Secrets: 1 / 2 (50%)

===========================================
MAP03
===========================================

Time: 1:54 (par: 2:00)

Player 1 (Green):
	Kills: 0
	Items: 3 / 18 (16%)
	Secrets: 0 / 5 (0%)

===========================================
MAP04
===========================================

Time: 1:01 (par: 2:00)

Player 1 (Green):
	Kills: 0
	Items: 27 / 162 (16%)
	Secrets: 0 / 2 (0%)

===========================================
MAP05
===========================================

Time: 1:41 (par: 1:30)

Player 1 (Green):
	Kills: 0
	Items: 3 / 90 (3%)
	Secrets: 0 / 4 (0%)

===========================================
MAP06
===========================================

Time: 3:21 (par: 2:30)

Player 1 (Green):
	Kills: 0
	Items: 3 / 9 (33%)
	Secrets: 0 / 5 (0%)

===========================================
MAP07
===========================================

Time: 2:21 (par: 2:00)

Player 1 (Green):
	Kills: 0
	Items: 6 / 11 (54%)
	Secrets: 0 / 5 (0%)

===========================================
MAP08
===========================================

Time: 0:52 (par: 2:00)

Player 1 (Green):
	Kills: 0
	Items: 5 / 58 (8%)
	Secrets: 0 / 2 (0%)

===========================================
MAP09
===========================================

Time: 0:21 (par: 4:30)

Player 1 (Green):
	Kills: 0
	Items: 1 / 39 (2%)
	Secrets: 2 / 11 (18%)

===========================================
MAP10
===========================================

Time: 1:09 (par: 1:30)

Player 1 (Green):
	Kills: 0
	Items: 0 / 1 (0%)
	Secrets: 0 / 5 (0%)

===========================================
MAP11
===========================================

Time: 1:06 (par: 3:30)

Player 1 (Green):
	Kills: 0
	Items: 5 / 37 (13%)
	Secrets: 0 / 8 (0%)

===========================================
MAP12
===========================================

Time: 0:39 (par: 2:30)

Player 1 (Green):
	Kills: 0
	Items: 9 / 20 (45%)
	Secrets: 0 / 2 (0%)

===========================================
MAP13
===========================================

Time: 1:04 (par: 2:30)

Player 1 (Green):
	Kills: 0
	Items: 0 / 4 (0%)
	Secrets: 1 / 5 (20%)

===========================================
MAP14
===========================================

Time: 1:39 (par: 2:30)

Player 1 (Green):
	Kills: 0
	Items: 0 / 30 (0%)
	Secrets: 0 / 7 (0%)

===========================================
MAP15
===========================================

Time: 1:15 (par: 3:30)

Player 1 (Green):
	Kills: 0
	Items: 8 / 44 (18%)
	Secrets: 0 / 9 (0%)

===========================================
MAP16
===========================================

Time: 0:51 (par: 2:30)

Player 1 (Green):
	Kills: 0
	Items: 8 / 86 (9%)
	Secrets: 0 / 4 (0%)

===========================================
MAP17
===========================================

Time: 0:50 (par: 7:00)

Player 1 (Green):
	Kills: 0
	Items: 7 / 34 (20%)
	Secrets: 0 / 2 (0%)

===========================================
MAP18
===========================================

Time: 1:27 (par: 2:30)

Player 1 (Green):
	Kills: 0
	Items: 0 / 4 (0%)
	Secrets: 0 / 6 (0%)

===========================================
MAP19
===========================================

Time: 4:04 (par: 3:30)

Player 1 (Green):
	Kills: 0
	Items: 10 / 40 (25%)
	Secrets: 0 / 5 (0%)

===========================================
MAP20
===========================================

Time: 0:47 (par: 2:30)

Player 1 (Green):
	Kills: 0
	Items: 0 / 18 (0%)
	Secrets: 0 / 4 (0%)

===========================================
MAP21
===========================================

Time: 1:26 (par: 4:00)

Player 1 (Green):
	Kills: 0
	Items: 3 / 16 (18%)
	Secrets: 0 / 6 (0%)

===========================================
MAP22
===========================================

Time: 3:04 (par: 2:30)

Player 1 (Green):
	Kills: 0
	Items: 0 / 4 (0%)
	Secrets: 0 / 12 (0%)

===========================================
MAP23
===========================================

Time: 0:08 (par: 3:00)

Player 1 (Green):
	Kills: 0
	Items: 0 / 99 (0%)
	Secrets: 0 / 18 (0%)

===========================================
MAP24
===========================================

Time: 1:06 (par: 2:30)

Player 1 (Green):
	Kills: 0
	Items: 7 / 32 (21%)
	Secrets: 0 / 5 (0%)

===========================================
MAP25
===========================================

Time: 2:00 (par: 2:30)

Player 1 (Green):
	Kills: 0
	Items: 7 / 57 (12%)
	Secrets: 0 / 8 (0%)

===========================================
MAP26
===========================================

Time: 2:45 (par: 5:00)

Player 1 (Green):
	Kills: 0
	Items: 1 / 17 (5%)
	Secrets: 0 / 7 (0%)

===========================================
MAP27
===========================================

Time: 0:33 (par: 5:30)

Player 1 (Green):
	Kills: 0
	Items: 0 / 9 (0%)
	Secrets: 0 / 8 (0%)

===========================================
MAP28
===========================================

Time: 8:27 (par: 7:00)

Player 1 (Green):
	Kills: 0
	Items: 2 / 48 (4%)
	Secrets: 0 / 4 (0%)

===========================================
MAP29
===========================================

Time: 1:36 (par: 5:00)

Player 1 (Green):
	Kills: 0
	Items: 0 / 4 (0%)
	Secrets: 0 / 4 (0%)

===========================================
MAP30
===========================================

Time: 1:11 (par: 3:00)

Player 1 (Green):
	Kills: 0
	Items: 3 / 14 (21%)
	Secrets: 0

